src/lib/stripe.ts(4,3): error TS2322: Type '"2023-10-16"' is not assignable to type '"2026-02-25.clover"'.
